// Jest Snapshot v1, https://goo.gl/fbAQLP

exports[`CoursesGrid should render a table-like set of grouped courses 1`] = `
.c0 {
  position: relative;
  display: -webkit-box;
  display: -webkit-flex;
  display: -ms-flexbox;
  display: flex;
  -webkit-align-self: center;
  -ms-flex-item-align: center;
  align-self: center;
  height: 100%;
  width: 100%;
  -webkit-transition: all 0.25s ease-in-out;
  transition: all 0.25s ease-in-out;
  -webkit-flex-direction: column;
  -ms-flex-direction: column;
  flex-direction: column;
  -webkit-flex-wrap: initial;
  -ms-flex-wrap: initial;
  flex-wrap: initial;
  -webkit-align-items: center;
  -webkit-box-align: center;
  -ms-flex-align: center;
  align-items: center;
  -webkit-box-pack: center;
  -webkit-justify-content: center;
  -ms-flex-pack: center;
  justify-content: center;
}

.c1 {
  display: grid;
  margin: 0 auto;
  height: auto;
  max-width: auto;
  gap: calc(1rem / 2);
  grid-template-columns: repeat(auto-fill,minmax(16rem,1fr));
  grid-template-rows: auto;
  -webkit-align-items: baseline;
  -webkit-box-align: baseline;
  -ms-flex-align: baseline;
  align-items: baseline;
}

.c2 {
  position: relative;
  height: 100%;
  border-radius: 0.25rem;
  display: grid;
  grid-template-areas: 'header' 'body' 'footer';
  grid-template-rows: auto 1fr auto;
  overflow: hidden;
  box-shadow: 0 0.075rem 0.075rem rgba(0,0,0,0.1), 0 0.125rem 0.125rem rgba(0,0,0,0.25);
  -webkit-transition: all 0.3s cubic-bezier(0.25,0.8,0.25,1);
  transition: all 0.3s cubic-bezier(0.25,0.8,0.25,1);
  background: #fff;
}

.c2 header img {
  -webkit-transition: all 0.2s ease-in-out !important;
  transition: all 0.2s ease-in-out !important;
}

.c2 h1 {
  font-size: 1.1rem;
  margin: 0;
}

.c2 h2 {
  font-size: 1rem;
  font-style: italic;
  margin: 0;
  color: #aaa;
  margin-bottom: 1rem;
}

.c2 p {
  text-align: left;
}

.c3 {
  grid-area: 'header';
}

.c5 {
  width: 100%;
  border-bottom: 1px dashed #ddd;
}

.c7 {
  color: #000;
}

.c6 {
  grid-area: 'body';
  position: relative;
  padding: 2rem;
}

.c4 {
  padding: 2rem;
}

@media only screen and (min-width:600px) {
  .c1 {
    grid-template-columns: repeat(6,1fr);
    gap: 1rem;
  }
}

@media only screen and (min-width:600px) {
  .c2 {
    text-align: justify;
  }
}

@media only screen and (min-width:1200px) {
  .c2:hover {
    box-shadow: 0 0.125rem 0.25rem rgba(0,0,0,0.25), 0 0.25rem 0.25rem rgba(0,0,0,0.2);
  }

  .c2:hover header img {
    -webkit-transform: scale(1.1);
    -ms-transform: scale(1.1);
    transform: scale(1.1);
  }
}

<div
  className="c0"
>
  <div
    className="c1"
  >
    <article
      className="c2"
    >
      <header
        className="c3"
      >
        <div
          className="c4"
        >
          <div
            className="c5"
          >
            <h2>
              Development
            </h2>
          </div>
        </div>
      </header>
      <main
        className="c6"
      >
        <h5>
          <span
            className="c7"
          >
            ‚ù≠
             
            WebProgramming
          </span>
        </h5>
      </main>
    </article>
  </div>
  <div>
    <p>
      * Not intrinsically about programming, I just made it so. ** Not a full on course with credits, but a support course to provide extra knowledge about Adobe software.
    </p>
  </div>
</div>
`;
