// Jest Snapshot v1, https://goo.gl/fbAQLP

exports[`GamesGrid should render a grid of "posters" 1`] = `
.c3 {
  position: absolute;
  width: auto;
  min-height: auto;
  top: 1rem;
  left: 0;
  bottom: 1rem;
  right: 0;
}

.c4 {
  position: relative;
  display: -webkit-box;
  display: -webkit-flex;
  display: -ms-flexbox;
  display: flex;
  -webkit-align-self: center;
  -ms-flex-item-align: center;
  align-self: center;
  height: 100%;
  width: 100%;
  -webkit-transition: all 0.25s ease-in-out;
  transition: all 0.25s ease-in-out;
  -webkit-flex-direction: column;
  -ms-flex-direction: column;
  flex-direction: column;
  -webkit-flex-wrap: initial;
  -ms-flex-wrap: initial;
  flex-wrap: initial;
  -webkit-align-items: center;
  -webkit-box-align: center;
  -ms-flex-align: center;
  align-items: center;
  -webkit-box-pack: space-around;
  -webkit-justify-content: space-around;
  -ms-flex-pack: space-around;
  justify-content: space-around;
}

.c1 {
  position: relative;
  overflow: hidden;
}

.c1 > div:first-child {
  position: relative;
  -webkit-transition: all 300ms ease-in-out;
  transition: all 300ms ease-in-out;
  -webkit-transform: scale(1.01);
  -ms-transform: scale(1.01);
  transform: scale(1.01);
}

.c1:hover > div:first-child {
  -webkit-transform: scale(1.1);
  -ms-transform: scale(1.1);
  transform: scale(1.1);
}

.c1:hover > div:first-child > * {
  -webkit-filter: none;
  filter: none;
}

.c1 h1,
.c1 h2,
.c1 h3,
.c1 h4,
.c1 h5,
.c1 h6 {
  margin: 0;
}

.c5 {
  position: relative;
  overflow: hidden;
  isolation: auto;
}

.c5 > :first-child {
  position: relative !important;
}

.c5 > * {
  position: absolute !important;
  width: 100%;
  height: 100%;
  top: 0;
  -webkit-transition: all 0.25s ease-in-out;
  transition: all 0.25s ease-in-out;
  mix-blend-mode: difference;
}

.c5 > *:hover {
  mix-blend-mode: difference;
}

.c2 {
  position: relative;
  -webkit-transition: all 200ms ease-in-out;
  transition: all 200ms ease-in-out;
  overflow: hidden;
  -webkit-filter: saturation(4);
  filter: saturation(4);
}

.c2:hover {
  -webkit-filter: saturation(4);
  filter: saturation(4);
}

.c2::after {
  content: '';
  position: absolute;
  top: 0;
  bottom: 0;
  left: 0;
  right: 0;
  background: #900;
}

.c0 {
  width: 100%;
  height: 100%;
  top: 0;
  left: 0;
  display: grid;
  grid-template-columns: repeat(7,1fr);
  grid-template-rows: repeat(2,1fr);
}

.c0 h1,
.c0 h2,
.c0 h3,
.c0 h4,
.c0 h5,
.c0 h6 {
  margin: 0;
}

<div
  className="c0"
>
  <div
    className="c1"
  >
    <div
      className="children"
    >
      <div
        className="c2"
      >
        /photo.jpg
      </div>
    </div>
    <div
      className="c3"
    >
      <div
        className="c4"
      >
        <div
          className="c5"
        >
          <h3
            style={
              Object {
                "color": "white",
              }
            }
          >
            Photo
          </h3>
        </div>
      </div>
    </div>
  </div>
</div>
`;
