// Jest Snapshot v1, https://goo.gl/fbAQLP

exports[`ImageContainer should render a grid of "posters" 1`] = `
.c1 {
  position: absolute;
  width: auto;
  min-height: auto;
  top: 1rem;
  left: 0;
  bottom: 1rem;
  right: 0;
}

.c2 {
  position: relative;
  display: -webkit-box;
  display: -webkit-flex;
  display: -ms-flexbox;
  display: flex;
  -webkit-align-self: center;
  -ms-flex-item-align: center;
  align-self: center;
  height: 100%;
  width: 100%;
  -webkit-transition: all 0.25s ease-in-out;
  transition: all 0.25s ease-in-out;
  -webkit-flex-direction: column;
  -ms-flex-direction: column;
  flex-direction: column;
  -webkit-flex-wrap: initial;
  -ms-flex-wrap: initial;
  flex-wrap: initial;
  -webkit-align-items: center;
  -webkit-box-align: center;
  -ms-flex-align: center;
  align-items: center;
  -webkit-box-pack: baseline;
  -webkit-justify-content: baseline;
  -ms-flex-pack: baseline;
  justify-content: baseline;
}

.c0 {
  position: relative;
  overflow: hidden;
}

.c0 > div:first-child {
  position: relative;
  -webkit-transition: all 300ms ease-in-out;
  transition: all 300ms ease-in-out;
  -webkit-transform: scale(1.01);
  -ms-transform: scale(1.01);
  transform: scale(1.01);
}

.c0:hover > div:first-child {
  -webkit-transform: scale(1.1);
  -ms-transform: scale(1.1);
  transform: scale(1.1);
}

.c0:hover > div:first-child > * {
  -webkit-filter: none;
  filter: none;
}

.c0 h1,
.c0 h2,
.c0 h3,
.c0 h4,
.c0 h5,
.c0 h6 {
  margin: 0;
}

<div
  className="c0"
>
  <div
    className="children"
  >
    /photo.jpg
  </div>
  <div
    className="c1"
  >
    <div
      className="c2"
    >
      <div
        className="test"
      >
        Hello
      </div>
    </div>
  </div>
</div>
`;
