// Jest Snapshot v1, https://goo.gl/fbAQLP

exports[`Photos should render a set of photos 1`] = `"/photo.jpg"`;
