// Jest Snapshot v1, https://goo.gl/fbAQLP

exports[`ReadMore should render a read more Card with link 1`] = `
.c0 {
  position: relative;
  height: 100%;
  border-radius: 0.25rem;
  display: grid;
  grid-template-areas: 'header' 'body' 'footer';
  grid-template-rows: auto 1fr auto;
  overflow: hidden;
  box-shadow: 0 0.075rem 0.075rem rgba(0,0,0,0.1), 0 0.125rem 0.125rem rgba(0,0,0,0.25);
  -webkit-transition: all 0.3s cubic-bezier(0.25,0.8,0.25,1);
  transition: all 0.3s cubic-bezier(0.25,0.8,0.25,1);
  background: #fff;
}

.c0 header img {
  -webkit-transition: all 0.2s ease-in-out !important;
  transition: all 0.2s ease-in-out !important;
}

.c0 h1 {
  font-size: 1.1rem;
  margin: 0;
}

.c0 h2 {
  font-size: 1rem;
  font-style: italic;
  margin: 0;
  color: #aaa;
  margin-bottom: 1rem;
}

.c0 p {
  text-align: left;
}

.c1 {
  grid-area: 'body';
  position: relative;
  padding: 2rem;
}

.c3 {
  -webkit-text-decoration: none;
  text-decoration: none;
  display: inline-block;
  color: #f00 !important;
}

.c3:hover {
  color: #d00;
}

.c3.active {
  color: #b00;
}

.c2 {
  display: -webkit-box;
  display: -webkit-flex;
  display: -ms-flexbox;
  display: flex;
  -webkit-flex-direction: column;
  -ms-flex-direction: column;
  flex-direction: column;
  gap: 1rem;
}

@media only screen and (min-width:600px) {
  .c0 {
    text-align: justify;
  }
}

@media only screen and (min-width:1200px) {
  .c0:hover {
    box-shadow: 0 0.125rem 0.25rem rgba(0,0,0,0.25), 0 0.25rem 0.25rem rgba(0,0,0,0.2);
  }

  .c0:hover header img {
    -webkit-transform: scale(1.1);
    -ms-transform: scale(1.1);
    transform: scale(1.1);
  }
}

@media only screen and (min-width:600px) {
  .c2 {
    -webkit-flex-direction: row;
    -ms-flex-direction: row;
    flex-direction: row;
    -webkit-box-pack: justify;
    -webkit-justify-content: space-between;
    -ms-flex-pack: justify;
    justify-content: space-between;
    -webkit-align-items: baseline;
    -webkit-box-align: baseline;
    -ms-flex-align: baseline;
    align-items: baseline;
  }
}

<article
  className="c0"
>
  <main
    className="c1"
  >
    <div
      className="c2"
    >
      <h1>
        Hello
      </h1>
      <a
        className="c3"
        href="/hello"
      >
        World
      </a>
    </div>
  </main>
</article>
`;
