// Jest Snapshot v1, https://goo.gl/fbAQLP

exports[`SEO should match snapshot 1`] = `null`;
