// Jest Snapshot v1, https://goo.gl/fbAQLP

exports[`SubbedImage should match snapshot 1`] = `
.c1 {
  position: relative;
  -webkit-transition: all 200ms ease-in-out;
  transition: all 200ms ease-in-out;
  overflow: hidden;
  -webkit-filter: saturation(4);
  filter: saturation(4);
}

.c1:hover {
  -webkit-filter: saturation(4);
  filter: saturation(4);
}

.c1::after {
  content: '';
  position: absolute;
  top: 0;
  bottom: 0;
  left: 0;
  right: 0;
  background: #900;
}

.c4 {
  position: relative;
  overflow: hidden;
  isolation: auto;
}

.c4 > :first-child {
  position: relative !important;
}

.c4 > * {
  position: absolute !important;
  width: 100%;
  height: 100%;
  top: 0;
  -webkit-transition: all 0.25s ease-in-out;
  transition: all 0.25s ease-in-out;
  mix-blend-mode: lighten;
}

.c4 > *:hover {
  mix-blend-mode: lighten;
}

.c5 {
  padding: 1rem;
  border-radius: 999rem;
  background: #fff;
}

.c2 {
  position: absolute;
  width: auto;
  min-height: auto;
  top: 1rem;
  left: 0;
  bottom: 1rem;
  right: 0;
}

.c3 {
  position: relative;
  display: -webkit-box;
  display: -webkit-flex;
  display: -ms-flexbox;
  display: flex;
  -webkit-align-self: center;
  -ms-flex-item-align: center;
  align-self: center;
  height: 100%;
  width: 100%;
  -webkit-transition: all 0.25s ease-in-out;
  transition: all 0.25s ease-in-out;
  -webkit-flex-direction: column;
  -ms-flex-direction: column;
  flex-direction: column;
  -webkit-flex-wrap: initial;
  -ms-flex-wrap: initial;
  flex-wrap: initial;
  -webkit-align-items: center;
  -webkit-box-align: center;
  -ms-flex-align: center;
  align-items: center;
  -webkit-box-pack: end;
  -webkit-justify-content: flex-end;
  -ms-flex-pack: end;
  justify-content: flex-end;
}

.c0 {
  position: relative;
  overflow: hidden;
}

.c0 > div:first-child {
  position: relative;
  -webkit-transition: all 300ms ease-in-out;
  transition: all 300ms ease-in-out;
  -webkit-transform: scale(1.01);
  -ms-transform: scale(1.01);
  transform: scale(1.01);
}

.c0:hover > div:first-child {
  -webkit-transform: scale(1.1);
  -ms-transform: scale(1.1);
  transform: scale(1.1);
}

.c0:hover > div:first-child > * {
  -webkit-filter: none;
  filter: none;
}

.c0 h1,
.c0 h2,
.c0 h3,
.c0 h4,
.c0 h5,
.c0 h6 {
  margin: 0;
}

<div
  className="c0"
>
  <div
    className="children"
  >
    <div
      className="c1"
    >
      /photo.jpg
    </div>
  </div>
  <div
    className="c2"
  >
    <div
      className="c3"
    >
      <div
        className="c4"
      >
        <div
          className="c5"
        >
          <h6>
            Photo
          </h6>
        </div>
      </div>
    </div>
  </div>
</div>
`;
