// Jest Snapshot v1, https://goo.gl/fbAQLP

exports[`ProjectsLayout should match snapshot 1`] = `
.c1 {
  margin: 0 auto;
  padding: 1rem;
}

.c1 a {
  -webkit-text-decoration: none;
  text-decoration: none;
  color: #f00;
}

.c1 a:hover {
  color: #d00;
}

.c0 {
  min-height: 100vh;
  background: #fff;
}

.c4 {
  display: grid;
  margin: 0 auto;
  height: auto;
  max-width: 100rem;
  gap: calc(1rem / 2);
  grid-template-columns: repeat(auto-fill,minmax(16rem,1fr));
  grid-template-rows: auto;
  -webkit-align-items: initial;
  -webkit-box-align: initial;
  -ms-flex-align: initial;
  align-items: initial;
}

.c3 {
  margin: 0 auto;
  max-width: 48rem;
}

.c2 {
  padding-bottom: 4rem;
}

.c5 {
  position: relative;
  height: 100%;
  border-radius: 0.25rem;
  display: grid;
  grid-template-areas: 'header' 'body' 'footer';
  grid-template-rows: auto 1fr auto;
  overflow: hidden;
  box-shadow: 0 0.075rem 0.075rem rgba(0,0,0,0.1), 0 0.125rem 0.125rem rgba(0,0,0,0.25);
  -webkit-transition: all 0.3s cubic-bezier(0.25,0.8,0.25,1);
  transition: all 0.3s cubic-bezier(0.25,0.8,0.25,1);
  background: #fff;
}

.c5 header img {
  -webkit-transition: all 0.2s ease-in-out !important;
  transition: all 0.2s ease-in-out !important;
}

.c5 h1 {
  font-size: 1.1rem;
  margin: 0;
}

.c5 h2 {
  font-size: 1rem;
  font-style: italic;
  margin: 0;
  color: #aaa;
  margin-bottom: 1rem;
}

.c5 p {
  text-align: left;
}

.c8 {
  -webkit-text-decoration: none;
  text-decoration: none;
  display: inline-block;
  color: #f00 !important;
}

.c8:hover {
  color: #d00;
}

.c8.active {
  color: #b00;
}

.c11 {
  text-align: left !important;
}

.c6 {
  grid-area: 'header';
}

.c10 {
  grid-area: 'footer';
  padding: 0 2rem 2rem;
}

.c9 {
  grid-area: 'body';
  position: relative;
  padding: 2rem;
}

.c7 {
  padding: 2rem 2rem 0 2rem;
}

.c7 > h6 {
  margin-bottom: 0;
}

@media only screen and (min-width:600px) {
  .c1 {
    padding: 4rem 1rem;
  }
}

@media only screen and (min-width:600px) {
  .c4 {
    grid-template-columns: repeat(auto-fill,minmax(32rem,1fr));
    gap: 1rem;
  }
}

@media only screen and (min-width:600px) {
  .c5 {
    text-align: justify;
  }
}

@media only screen and (min-width:1200px) {
  .c5:hover {
    box-shadow: 0 0.125rem 0.25rem rgba(0,0,0,0.25), 0 0.25rem 0.25rem rgba(0,0,0,0.2);
  }

  .c5:hover header img {
    -webkit-transform: scale(1.1);
    -ms-transform: scale(1.1);
    transform: scale(1.1);
  }
}

<div
  className="c0"
>
  <main
    className="c1"
  >
    <div
      className="c2"
    >
      <div
        className="c3"
      >
        <h1>
          Hey! These are some of my projects
        </h1>
        <p>
          In chronological order, from newest to oldest. These are some projects I worked on that I am proud of, that taught me a lot and / or got me some decent grades.
        </p>
      </div>
      <div
        className="c4"
      >
        <article
          className="c5"
        >
          <header
            className="c6"
          >
            <div
              className="c7"
            >
              <h1>
                <a
                  className="c8"
                  href="/projects/portfolio"
                >
                  Portfolio
                </a>
              </h1>
              <h6>
                <span>
                  08 Jan 1994
                </span>
              </h6>
            </div>
          </header>
          <main
            className="c9"
          >
            <p>
              Gatsby, TypeScript, React, GraphQL, GSAP, Styled-Components, Jest, Enzyme
            </p>
          </main>
          <footer
            className="c10"
          >
            <p
              className="c11"
            >
              Tags:
               
              <span>
                <a
                  className="c8"
                  href="/skillset/gatsby"
                >
                  Gatsby
                </a>
                , 
              </span>
              <span>
                <a
                  className="c8"
                  href="/skillset/typescript"
                >
                  TypeScript
                </a>
                , 
              </span>
              <span>
                <a
                  className="c8"
                  href="/skillset/react"
                >
                  React
                </a>
                , 
              </span>
              <span>
                <a
                  className="c8"
                  href="/skillset/graphql"
                >
                  GraphQL
                </a>
                , 
              </span>
              <span>
                <a
                  className="c8"
                  href="/skillset/gsap"
                >
                  GSAP
                </a>
                , 
              </span>
              <span>
                <a
                  className="c8"
                  href="/skillset/styled-components"
                >
                  Styled-Components
                </a>
                , 
              </span>
              <span>
                <a
                  className="c8"
                  href="/skillset/jest"
                >
                  Jest
                </a>
                , 
              </span>
              <span>
                <a
                  className="c8"
                  href="/skillset/enzyme"
                >
                  Enzyme
                </a>
                
              </span>
            </p>
          </footer>
        </article>
        <article
          className="c5"
        >
          <header
            className="c6"
          >
            <div
              className="c7"
            >
              <h1>
                <a
                  className="c8"
                  href="/projects/portfolio"
                >
                  Loopy
                </a>
              </h1>
              <h6>
                <span>
                  08 Jan 1994
                </span>
              </h6>
            </div>
          </header>
          <main
            className="c9"
          >
            <p>
              I made a fantastic hula-loop once
            </p>
          </main>
          <footer
            className="c10"
          >
            <p
              className="c11"
            >
              Tags:
               
              <span>
                <a
                  className="c8"
                  href="/skillset/hula"
                >
                  Hula
                </a>
                , 
              </span>
              <span>
                <a
                  className="c8"
                  href="/skillset/loop"
                >
                  Loop
                </a>
                , 
              </span>
              <span>
                <a
                  className="c8"
                  href="/skillset/perfection"
                >
                  Perfection
                </a>
                
              </span>
            </p>
          </footer>
        </article>
      </div>
    </div>
    <div
      className="c2"
    >
      <div
        className="c3"
      >
        <h1>
          I have also done some Graphic Design stuff
        </h1>
        <p>
          Not everything in here has to do with programming. I also included some projects I made using Adobe Illustrator and After Effects. The first projects were part of courses in a timeframe of about 10 weeks. That meant going from 0 - 100 in roughly 10 weeks, allocating time for other courses as well (about 4 at a time).
        </p>
      </div>
      <div
        className="c4"
      >
        <article
          className="c5"
        >
          <header
            className="c6"
          >
            <div
              className="c7"
            >
              <h1>
                <a
                  className="c8"
                  href="/projects/circle"
                >
                  Circle
                </a>
              </h1>
              <h6>
                <span>
                  08 Jan 1994
                </span>
              </h6>
            </div>
          </header>
          <main
            className="c9"
          >
            <p>
              I drew a fantastic circle once
            </p>
          </main>
          <footer
            className="c10"
          >
            <p
              className="c11"
            >
              Tags:
               
              <span>
                <a
                  className="c8"
                  href="/skillset/pencil"
                >
                  Pencil
                </a>
                , 
              </span>
              <span>
                <a
                  className="c8"
                  href="/skillset/shapes"
                >
                  Shapes
                </a>
                , 
              </span>
              <span>
                <a
                  className="c8"
                  href="/skillset/drawing"
                >
                  Drawing
                </a>
                
              </span>
            </p>
          </footer>
        </article>
      </div>
    </div>
  </main>
</div>
`;
