// Jest Snapshot v1, https://goo.gl/fbAQLP

exports[`Absolute should have the following static style rules 1`] = `
.c0 {
  position: absolute;
  width: auto;
  min-height: auto;
  top: 0;
  left: 0;
  bottom: 0;
  right: 0;
}

<div
  className="c0"
>
  <p>
    Hello World
  </p>
</div>
`;
