// Jest Snapshot v1, https://goo.gl/fbAQLP

exports[`Blend should have the following configurable style rules when configured 1`] = `
.c0 {
  position: relative;
  overflow: hidden;
  isolation: auto;
}

.c0 > :first-child {
  position: relative !important;
}

.c0 > * {
  position: absolute !important;
  width: 100%;
  height: 100%;
  top: 0;
  -webkit-transition: all 0.25s ease-in-out;
  transition: all 0.25s ease-in-out;
  mix-blend-mode: color-burn;
}

.c0 > *:hover {
  mix-blend-mode: color-dodge;
}

<div
  className="c0"
>
  <p>
    Hello World
  </p>
</div>
`;
