// Jest Snapshot v1, https://goo.gl/fbAQLP

exports[`BlendBlock should have the following static style rules 1`] = `
.c0 {
  padding: 1rem;
  border-radius: 999rem;
  background: #fff;
}

<div
  className="c0"
>
  <p>
    Hello World
  </p>
</div>
`;
