// Jest Snapshot v1, https://goo.gl/fbAQLP

exports[`Flex snapshot renders correctly 1`] = `
.c0 {
  position: relative;
  display: -webkit-box;
  display: -webkit-flex;
  display: -ms-flexbox;
  display: flex;
  -webkit-align-self: center;
  -ms-flex-item-align: center;
  align-self: center;
  height: 100%;
  width: 100%;
  -webkit-transition: all 0.25s ease-in-out;
  transition: all 0.25s ease-in-out;
  -webkit-flex-direction: row;
  -ms-flex-direction: row;
  flex-direction: row;
  -webkit-flex-wrap: initial;
  -ms-flex-wrap: initial;
  flex-wrap: initial;
  -webkit-align-items: center;
  -webkit-box-align: center;
  -ms-flex-align: center;
  align-items: center;
  -webkit-box-pack: space-around;
  -webkit-justify-content: space-around;
  -ms-flex-pack: space-around;
  justify-content: space-around;
}

<div
  className="c0"
>
  <p>
    Hello World
  </p>
</div>
`;
