// Jest Snapshot v1, https://goo.gl/fbAQLP

exports[`Paddie should have the following static style rules 1`] = `
.c0 {
  padding: 2rem;
}

<div
  className="c0"
>
  <p>
    Hello World
  </p>
</div>
`;
