// Jest Snapshot v1, https://goo.gl/fbAQLP

exports[`Relative should have the following static style rules 1`] = `
.c0 {
  position: relative;
}

<div
  className="c0"
>
  <p>
    Hello World
  </p>
</div>
`;
