// Jest Snapshot v1, https://goo.gl/fbAQLP

exports[`StyledYoutube should have the following static style rules 1`] = `
.c0 {
  max-width: 100%;
  border: none;
  width: 100%;
  margin: 0;
}

<div
  className="c0"
>
  /fakeId
</div>
`;
