// Jest Snapshot v1, https://goo.gl/fbAQLP

exports[`CardHeaderText should have the following static style rules 1`] = `
.c0 {
  padding: 2rem 2rem 0 2rem;
}

.c0 > h6 {
  margin-bottom: 0;
}

<div
  className="c0"
>
  <h1>
    Hello World
  </h1>
</div>
`;

exports[`CardHeaderText should match snapshot 1`] = `
.c0 {
  padding: 2rem 2rem 0 2rem;
}

.c0 > h6 {
  margin-bottom: 0;
}

<div
  className="c0"
>
  <h1>
    Hello World
  </h1>
</div>
`;
