// Jest Snapshot v1, https://goo.gl/fbAQLP

exports[`WASDGrid should match snapshot 1`] = `
.c0 {
  margin: 0 auto;
  display: grid;
  gap: 2rem;
  -webkit-box-pack: justify;
  -webkit-justify-content: space-between;
  -ms-flex-pack: justify;
  justify-content: space-between;
  -webkit-align-items: center;
  -webkit-box-align: center;
  -ms-flex-align: center;
  align-items: center;
  grid-template-areas: '. w .' 'a s d';
  grid-template-columns: 1fr 1fr 1fr;
  grid-template-rows: 1fr 1fr;
}

.c0 > * {
  justify-self: center;
}

@media only screen and (min-width:600px) {
  .c0 {
    gap: 4rem;
  }
}

<nav
  className="c0"
>
  <p>
    Hello World
  </p>
</nav>
`;
